[
  {
    "FoldElement": {
      "location": {
        "start": 0,
        "end": 49
      },
      "parameters": {},
      "content": [
        {
          "parameters": {},
          "content": [
            {
              "Text": {
                "location": {
                  "start": 11,
                  "end": 24
                },
                "content": "first content"
              }
            }
          ]
        },
        {
          "parameters": {},
          "content": [
            {
              "Text": {
                "location": {
                  "start": 29,
                  "end": 43
                },
                "content": "second content"
              }
            }
          ]
        }
      ]
    }
  }
]