[
  {
    "Text": {
      "content": "Hello",
      "location": {
        "end_column": 6,
        "end_line": 1,
        "start_column": 1,
        "start_line": 1
      }
    }
  },
  {
    "Text": {
      "content": "\n",
      "location": {
        "end_column": 1,
        "end_line": 2,
        "start_column": 6,
        "start_line": 1
      }
    }
  },
  {
    "Text": {
      "content": "World",
      "location": {
        "end_column": 6,
        "end_line": 2,
        "start_column": 1,
        "start_line": 2
      }
    }
  },
  {
    "Text": {
      "content": "\n",
      "location": {
        "end_column": 1,
        "end_line": 3,
        "start_column": 6,
        "start_line": 2
      }
    }
  },
  {
    "Text": {
      "content": "Test",
      "location": {
        "end_column": 5,
        "end_line": 3,
        "start_column": 1,
        "start_line": 3
      }
    }
  }
]