[
  {
    "Text": {
      "location": {
        "start": 0,
        "end": 28
      },
      "content": "Text before horizontal line."
    }
  },
  {
    "Text": {
      "location": {
        "start": 28,
        "end": 29
      },
      "content": "\n"
    }
  },
  "HLine",
  {
    "Text": {
      "location": {
        "start": 35,
        "end": 62
      },
      "content": "Text after horizontal line."
    }
  }
]