[
  {
    "Include": {
      "location": {
        "start": 0,
        "end": 58
      },
      "parameters": {
        "page": [
          {
            "Text": {
              "location": {
                "start": 19,
                "end": 27
              },
              "content": "HomePage"
            }
          }
        ]
      },
      "content": [
        {
          "Text": {
            "location": {
              "start": 29,
              "end": 55
            },
            "content": "Include some content here\n"
          }
        }
      ]
    }
  }
]