[
  {
    "ListElement": {
      "location": {
        "start": 0,
        "end": 48
      },
      "kind": "1",
      "parameters": {
        "1": {
          "location": {
            "start": 8,
            "end": 12
          },
          "key": "1",
          "value": []
        }
      },
      "content": [
        {
          "parameters": {},
          "content": [
            {
              "Text": {
                "location": {
                  "start": 14,
                  "end": 20
                },
                "content": "Item 1"
              }
            }
          ]
        },
        {
          "parameters": {},
          "content": [
            {
              "Text": {
                "location": {
                  "start": 25,
                  "end": 31
                },
                "content": "Item 2"
              }
            }
          ]
        },
        {
          "parameters": {},
          "content": [
            {
              "Text": {
                "location": {
                  "start": 36,
                  "end": 42
                },
                "content": "Item 3"
              }
            }
          ]
        }
      ]
    }
  }
]