[
  {
    "StyledElement": {
      "location": {
        "start": 0,
        "end": 59
      },
      "parameters": {
        "size": {
          "location": {
            "start": 23,
            "end": 36
          },
          "key": "size",
          "value": [
            {
              "Text": {
                "location": {
                  "start": 30,
                  "end": 34
                },
                "content": "16px"
              }
            }
          ]
        },
        "style": {
          "location": {
            "start": 3,
            "end": 23
          },
          "key": "style",
          "value": [
            {
              "Text": {
                "location": {
                  "start": 12,
                  "end": 21
                },
                "content": "color:red"
              }
            }
          ]
        }
      },
      "content": [
        {
          "Text": {
            "location": {
              "start": 36,
              "end": 56
            },
            "content": "Styled text content "
          }
        }
      ]
    }
  }
]